// Jest Snapshot v1, https://goo.gl/fbAQLP

exports[`test producto debe mostrar componente producto 1`] = `ShallowWrapper {}`;
